[sharvaconsulting.com/wp-login.html]
[backblue.gif]
[fade.gif]
[index.html]
[sharvaconsulting.com/wp-content/uploads/2025/08/1000325607.jpg]
[sharvaconsulting.com/wp-content/plugins/vibebp/assets/js/iziToast.min8759.js]
[sharvaconsulting.com/wp-content/plugins/vibebp/assets/css/iziToast.min8759.css]
[sharvaconsulting.com/wp-content/plugins/formidable/css/formidableforms49ee.css]
[sharvaconsulting.com/wp-includes/css/dashicons.mina784.css]
[sharvaconsulting.com/wp-includes/css/buttons.mina784.css]
[sharvaconsulting.com/wp-admin/css/forms.mina784.css]
[sharvaconsulting.com/wp-admin/css/l10n.mina784.css]
[sharvaconsulting.com/wp-admin/css/login.mina784.css]
[sharvaconsulting.com/wp-content/uploads/2025/08/cropped-1000325607-1-32x32.jpg]
[sharvaconsulting.com/wp-content/uploads/2025/08/cropped-1000325607-1-192x192.jpg]
[sharvaconsulting.com/wp-content/uploads/2025/08/cropped-1000325607-1-180x180.jpg]
[sharvaconsulting.com/wp-loginc2b6.html]
[sharvaconsulting.com/index.html]
[sharvaconsulting.com/wp-includes/js/clipboard.min3c89.js]
[sharvaconsulting.com/register/index.html]
[sharvaconsulting.com/wp-includes/js/jquery/jquery.minf43b.js]
[sharvaconsulting.com/wp-includes/js/jquery/jquery-migrate.min5589.js]
[sharvaconsulting.com/wp-includes/js/zxcvbn-async.min5152.js]
[sharvaconsulting.com/privacy-policy/index.html]
[sharvaconsulting.com/wp-includes/js/dist/hooks.min4fdd.js]
[sharvaconsulting.com/wp-includes/js/dist/i18n.minc33c.js]
[sharvaconsulting.com/wp-admin/js/password-strength-meter.mina784.js]
[sharvaconsulting.com/wp-includes/js/underscore.min3ab8.js]
[sharvaconsulting.com/wp-includes/js/wp-util.mina784.js]
[sharvaconsulting.com/wp-includes/js/dist/dom-ready.min5346.js]
[sharvaconsulting.com/wp-includes/js/dist/a11y.min3f73.js]
[sharvaconsulting.com/wp-login.html]
[sharvaconsulting.com/wp-admin/js/user-profile.mina784.js]
[sharvaconsulting.com/wp-content/plugins/vibebp/assets/js/iziToast.min8759.js]
[sharvaconsulting.com/wp-content/plugins/vibebp/assets/css/iziToast.min8759.css]
[sharvaconsulting.com/wp-content/plugins/formidable/images/ajax_loader.gif]
[sharvaconsulting.com/wp-content/plugins/formidable/css/formidableforms49ee.css]
[sharvaconsulting.com/wp-includes/fonts/dashicons7d4b.eot]
[sharvaconsulting.com/wp-includes/fonts/dashicons7d4b.ttf]
[sharvaconsulting.com/wp-includes/css/dashicons.mina784.css]
[sharvaconsulting.com/wp-includes/css/buttons.mina784.css]
[sharvaconsulting.com/wp-admin/images/loading.gif]
[sharvaconsulting.com/wp-admin/css/forms.mina784.css]
[sharvaconsulting.com/wp-admin/css/l10n.mina784.css]
[sharvaconsulting.com/wp-admin/images/w-logo-blue7a53.png]
[sharvaconsulting.com/wp-admin/images/wordpress-logo7d6b.svg]
[sharvaconsulting.com/wp-admin/css/login.mina784.css]
[demos.wplms.io/wp-content/themes/wplms/assets/images/favicon.png]
[sharvaconsulting.com/wp-includes/css/dist/components/style.mina784.css]
[sharvaconsulting.com/wp-includes/css/dist/preferences/style.mina784.css]
[sharvaconsulting.com/wp-includes/css/dist/block-editor/style.mina784.css]
[sharvaconsulting.com/wp-content/plugins/popup-maker/dist/packages/block-library-style5828.css]
[sharvaconsulting.com/wp-includes/css/dist/reusable-blocks/style.mina784.css]
[sharvaconsulting.com/feed/index.html]
[sharvaconsulting.com/wp-includes/css/dist/patterns/style.mina784.css]
[sharvaconsulting.com/wp-includes/css/dist/editor/style.mina784.css]
[sharvaconsulting.com/wp-content/plugins/vibebp/assets/css/plyr8759.css]
[sharvaconsulting.com/comments/feed/index.html]
[sharvaconsulting.com/wp-content/plugins/wplms_plugin/assets/css/course_video0866.css]
[sharvaconsulting.com/wp-content/plugins/h5p/h5p-php-library/styles/h5p-fontsea24.css]
[sharvaconsulting.com/wp-content/plugins/h5p/h5p-php-library/styles/h5pea24.css]
[sharvaconsulting.com/wp-content/themes/wplms/assets/css/woocommerce.minff2e.css]
[sharvaconsulting.com/wp-content/themes/wplms/assets/fonts/font-awesome.minff2e.css]
[sharvaconsulting.com/wp-content/themes/wplms/assets/css/style.legacyff2e.css]
[sharvaconsulting.com/wp-content/themes/wplms/assets/css/v4.minff2e.css]
[sharvaconsulting.com/wp-content/plugins/vibebp/assets/fonts/vicone9d4.eot]
[sharvaconsulting.com/wp-content/plugins/vibebp/assets/fonts/vicone9d4.woff]
[sharvaconsulting.com/wp-content/plugins/vibebp/assets/fonts/vicone9d4.ttf]
[sharvaconsulting.com/wp-content/plugins/vibebp/assets/fonts/vicone9d4.svg]
[sharvaconsulting.com/wp-content/themes/wplms/assets/css/modern.minff2e.css]
[sharvaconsulting.com/wp-includes/js/mediaelement/mediaelementplayer-legacy.min1f61.css]
[demos.wplms.io/wp-content/uploads/2020/07/similingwoman.jpg]
[demos.wplms.io/wp-content/uploads/2020/07/bg-1.png]
[demos.wplms.io/wp-content/themes/wplms/assets/images/avatar.jpg]
[cdn.jsdelivr.net/npm/chart.js]
[sharvaconsulting.com/index.html]
[sharvaconsulting.com/register/index.html]
[sharvaconsulting.com/wp-loginc2b6.html]
[sharvaconsulting.com/privacy-policy/index.html]
[sharvaconsulting.com/wp-includes/js/clipboard.min3c89.js]
[sharvaconsulting.com/wp-includes/js/jquery/jquery.minf43b.js]
[sharvaconsulting.com/wp-includes/js/jquery/jquery-migrate.min5589.js]
[sharvaconsulting.com/wp-includes/js/zxcvbn-async.min5152.js]
[sharvaconsulting.com/wp-includes/js/dist/hooks.min4fdd.js]
[sharvaconsulting.com/wp-includes/js/dist/i18n.minc33c.js]
[sharvaconsulting.com/wp-admin/js/password-strength-meter.mina784.js]
[sharvaconsulting.com/wp-includes/js/underscore.min3ab8.js]
[sharvaconsulting.com/wp-includes/js/wp-util.mina784.js]
[sharvaconsulting.com/wp-includes/js/dist/dom-ready.min5346.js]
[sharvaconsulting.com/wp-includes/js/dist/a11y.min3f73.js]
[sharvaconsulting.com/wp-admin/js/user-profile.mina784.js]
[sharvaconsulting.com/wp-admin/images/wordpress-logo7d6b.svg]
[sharvaconsulting.com/wp-includes/css/dist/components/style.mina784.css]
[sharvaconsulting.com/wp-includes/css/dist/preferences/style.mina784.css]
[sharvaconsulting.com/wp-includes/css/dist/block-editor/style.mina784.css]
[sharvaconsulting.com/wp-content/plugins/popup-maker/dist/packages/block-library-style5828.css]
[sharvaconsulting.com/wp-includes/css/dist/reusable-blocks/style.mina784.css]
[sharvaconsulting.com/wp-includes/css/dist/patterns/style.mina784.css]
[sharvaconsulting.com/wp-includes/css/dist/editor/style.mina784.css]
[sharvaconsulting.com/wp-content/plugins/ichart/gutenberg/ichart-block/dist/blocks.style.builda784.css]
[sharvaconsulting.com/wp-content/plugins/vibebp/assets/css/plyr8759.css]
[sharvaconsulting.com/wp-content/plugins/wplms_plugin/assets/css/course_video0866.css]
[sharvaconsulting.com/wp-content/plugins/h5p/h5p-php-library/styles/h5p-fontsea24.css]
[sharvaconsulting.com/wp-content/plugins/h5p/h5p-php-library/styles/h5pea24.css]
[sharvaconsulting.com/wp-content/themes/wplms/assets/css/woocommerce.minff2e.css]
[sharvaconsulting.com/wp-content/themes/wplms/assets/fonts/font-awesome.minff2e.css]
[sharvaconsulting.com/wp-content/themes/wplms/assets/css/style.legacyff2e.css]
[sharvaconsulting.com/wp-content/themes/wplms/assets/css/v4.minff2e.css]
[sharvaconsulting.com/wp-content/plugins/vibebp/assets/fonts/vicone9d4.svg]
[sharvaconsulting.com/wp-content/themes/wplms/assets/css/modern.minff2e.css]
[sharvaconsulting.com/wp-includes/js/mediaelement/mediaelementplayer-legacy.min1f61.css]
[sharvaconsulting.com/wp-includes/js/mediaelement/wp-mediaelement.mina784.html]
[sharvaconsulting.com/wp-content/plugins/wplms_plugin/includes/vibe-course-module/includes/css/course_template0866.html]
[sharvaconsulting.com/wp-content/plugins/vibebp/assets/css/front8759.html]
[sharvaconsulting.com/wp-content/uploads/pum/pum-site-styles441b.html]
[sharvaconsulting.com/wp-content/plugins/elementor/assets/css/frontend.min8aee.html]
[sharvaconsulting.com/wp-content/plugins/essential-addons-for-elementor-lite/assets/front-end/css/view/general.minf7b3.html]
[sharvaconsulting.com/wp-content/uploads/essential-addons-elementor/eael-362bd31.html]
[sharvaconsulting.com/wp-content/uploads/elementor/css/post-34efe8.html]
[sharvaconsulting.com/wp-content/plugins/elementor/assets/css/widget-heading.min8aee.html]
[sharvaconsulting.com/wp-content/plugins/elementor/assets/css/widget-spacer.min8aee.html]
[sharvaconsulting.com/wp-content/plugins/elementor/assets/css/widget-image.min8aee.html]
[sharvaconsulting.com/wp-content/plugins/elementor/assets/css/widget-icon-box.min8aee.html]
[sharvaconsulting.com/wp-content/plugins/elementor/assets/css/widget-image-box.min8aee.html]
[sharvaconsulting.com/wp-content/plugins/elementor/assets/lib/swiper/v8/css/swiper.min94a4.html]
[sharvaconsulting.com/wp-content/plugins/elementor/assets/css/conditionals/e-swiper.min8aee.html]
[sharvaconsulting.com/wp-content/plugins/elementor/assets/css/widget-image-carousel.min8aee.html]
[sharvaconsulting.com/wp-content/uploads/elementor/css/post-362082e.html]
[sharvaconsulting.com/wp-content/uploads/elementor/google-fonts/css/roboto5ce9.html]
[sharvaconsulting.com/wp-content/uploads/elementor/google-fonts/css/robotoslabf252.html]
[sharvaconsulting.com/wp-content/uploads/elementor/google-fonts/css/montserrat6e78.html]
[sharvaconsulting.com/wp-content/plugins/woocommerce/assets/js/jquery-blockui/jquery.blockUI.min3de0.html]
[sharvaconsulting.com/wp-content/plugins/woocommerce/assets/js/js-cookie/js.cookie.mine5db.html]
[sharvaconsulting.com/wp-content/plugins/woocommerce/assets/js/frontend/woocommerce.min9e47.html]
[sharvaconsulting.com/wp-json/index.html]
[sharvaconsulting.com/wp-json/wp/v2/pages/362.html]
[sharvaconsulting.com/xmlrpc0db0.html]
[sharvaconsulting.com/wp-json/oembed/1.0/embed1549.html]
[sharvaconsulting.com/wp-json/oembed/1.0/embedf425.html]
[sharvaconsulting.com/wp-admin/admin-ajax.html]
[sharvaconsulting.com/cart/index.html]
[sharvaconsulting.com/blogs/index.html]
[sharvaconsulting.com/course-directory/index.html]
[sharvaconsulting.com/wp-login0ddc.html]
[sharvaconsulting.com/course/bni-trainers-and-coaches-power-team/index.html]
[sharvaconsulting.com/members-directory/maheshmdsharvagroup-com/index.html]
[sharvaconsulting.com/course/it-project-management/index.html]
[sharvaconsulting.com/course/demo-course/index.html]
[sharvaconsulting.com/members-directory/ut35480gmail-com/index.html]
[sharvaconsulting.com/page/2/index.html]
[sharvaconsulting.com/page/3/index.html]
[sharvaconsulting.com/wp-content/uploads/2020/07/2-150x150.html]
[sharvaconsulting.com/wp-content/uploads/2025/09/g7025ee34b55769bbadc3b8bb51c1bc896c28c70420f2778e94355108d2f7e3dafbccbaa0cb6ec86460e2fd4b88584a63208c8834165a6cb76dccacfc42725093_1280-8151798-]
[sharvaconsulting.com/wp-content/uploads/2020/07/3-150x150.html]
[sharvaconsulting.com/wp-content/uploads/2025/09/g753b2878b91076eaaa10c4034f4c97e42325f94e51efce056a0d1b48cfd52e6882ee3cca8a0bb1b1d31e2babad7b801c2599100198f3234b000bed97d62c0138_1280-3265840-]
[sharvaconsulting.com/wp-content/uploads/2020/07/Screenshot-2020-07-16-at-11.28.45-PM-150x150.html]
[sharvaconsulting.com/wp-content/uploads/2020/07/Screenshot-2020-07-16-at-11.27.14-PM-150x150.html]
[sharvaconsulting.com/wp-content/uploads/2020/07/Screenshot-2020-07-16-at-11.29.00-PM-150x150.html]
[sharvaconsulting.com/refund_returns-2/index.html]
[sharvaconsulting.com/all-courses/index.html]
[sharvaconsulting.com/wp-content/plugins/woocommerce/assets/client/blocks/wc-blocksf655.html]
[sharvaconsulting.com/wp-content/plugins/wplms_plugin/assets/css/shortcodes0866.html]
[sharvaconsulting.com/wp-content/plugins/creame-whatsapp-me/public/css/joinchat.mind42d.html]
[sharvaconsulting.com/wp-content/plugins/woocommerce/assets/css/photoswipe/photoswipe.min9e47.html]
[sharvaconsulting.com/wp-content/plugins/woocommerce/assets/css/photoswipe/default-skin/default-skin.min9e47.html]
[sharvaconsulting.com/wp-content/plugins/vibebp/assets/js/plyr8759.html]
[sharvaconsulting.com/wp-includes/js/dist/vendor/react.mine1ab.html]
[sharvaconsulting.com/wp-includes/js/dist/vendor/react-dom.mine1ab.html]
[sharvaconsulting.com/wp-includes/js/dist/escape-html.min3a9d.html]
[sharvaconsulting.com/wp-includes/js/dist/element.minfa0f.html]
[sharvaconsulting.com/wp-content/plugins/wplms_plugin/assets/js/course_video0866.html]
[sharvaconsulting.com/wp-includes/js/mediaelement/mediaelement-and-player.min1f61.html]
[sharvaconsulting.com/wp-includes/js/mediaelement/mediaelement-migrate.mina784.html]
[sharvaconsulting.com/wp-includes/js/thickbox/thickboxab87.html]
[sharvaconsulting.com/wp-content/plugins/wplms_plugin/includes/vibe-shortcodes/js/shortcodes0866.html]
[sharvaconsulting.com/wp-content/plugins/astra-sites/inc/lib/onboarding/assets/dist/template-preview/main1006.html]
[sharvaconsulting.com/wp-includes/js/mediaelement/wp-mediaelement.mina784-2.html]
[sharvaconsulting.com/wp-content/plugins/creame-whatsapp-me/public/js/joinchat.mind42d.html]
[sharvaconsulting.com/wp-content/plugins/woocommerce/assets/js/sourcebuster/sourcebuster.min9e47.html]
[sharvaconsulting.com/wp-content/plugins/woocommerce/assets/js/frontend/order-attribution.min9e47.html]
[sharvaconsulting.com/wp-includes/js/jquery/ui/core.minb37e.html]
[sharvaconsulting.com/wp-includes/js/jquery/ui/datepicker.minb37e.html]
[sharvaconsulting.com/wp-content/plugins/wplms_plugin/includes/vibe-course-module/includes/js/course20866.html]
[sharvaconsulting.com/wp-content/plugins/vibebp/assets/js/localforage.min8759.html]
[sharvaconsulting.com/wp-includes/js/dist/vendor/react-jsx-runtime.mincb06.html]
[sharvaconsulting.com/wp-includes/js/dist/deprecated.min0a8b.html]
[sharvaconsulting.com/wp-includes/js/dist/dom.minbe50.html]
[sharvaconsulting.com/wp-includes/js/dist/is-shallow-equal.mincb09.html]
[sharvaconsulting.com/wp-includes/js/dist/keycodes.min8cc0.html]
[sharvaconsulting.com/wp-includes/js/dist/priority-queue.minc7db.html]
[sharvaconsulting.com/wp-includes/js/dist/compose.minb1f8.html]
[sharvaconsulting.com/wp-includes/js/dist/private-apis.mine8e0.html]
[sharvaconsulting.com/wp-includes/js/dist/redux-routine.min29d8.html]
[sharvaconsulting.com/wp-includes/js/dist/data.mindba4.html]
[sharvaconsulting.com/wp-content/plugins/vibebp/assets/js/login8759.html]
[sharvaconsulting.com/wp-content/plugins/vibebp/assets/js/cart8759.html]
[sharvaconsulting.com/wp-content/plugins/vibebp/assets/js/pdfjs8759.html]
[sharvaconsulting.com/wp-content/uploads/pum/pum-site-scripts963e.html]
[sharvaconsulting.com/wp-content/plugins/essential-addons-for-elementor-lite/assets/front-end/js/view/general.minf7b3.html]
[sharvaconsulting.com/wp-content/uploads/essential-addons-elementor/eael-362bd31-2.html]
[sharvaconsulting.com/wp-content/plugins/elementor/assets/js/webpack.runtime.min8aee.html]
[sharvaconsulting.com/wp-content/plugins/elementor/assets/js/frontend-modules.min8aee.html]
[sharvaconsulting.com/wp-content/plugins/elementor/assets/js/frontend.min8aee.html]
[sharvaconsulting.com/wp-content/plugins/elementor/assets/lib/swiper/v8/swiper.min94a4.html]
[sharvaconsulting.com/wp-content/plugins/wplms_plugin/assets/js/shortcodes0866.html]
[sharvaconsulting.com/wp-content/themes/wplms/assets/js/wplms.legacyff2e.html]
[sharvaconsulting.com/wp-content/themes/wplms/assets/js/old_files/buddypressff2e.html]
[sharvaconsulting.com/wp-content/plugins/woocommerce/assets/js/photoswipe/photoswipe.mincc75.html]
[sharvaconsulting.com/wp-content/plugins/woocommerce/assets/js/photoswipe/photoswipe-ui-default.mincc75.html]
[sharvaconsulting.com/wp-content/plugins/woocommerce/assets/js/frontend/add-to-cart-variation.min9e47.html]
[sharvaconsulting.com/wp-content/plugins/woocommerce/assets/js/frontend/single-product.min9e47.html]
[sharvaconsulting.com/wp-includes/css/dist/block-library/style.mina784.html]
[sharvaconsulting.com/wp-json/wp/v2/pages/0.html]
[sharvaconsulting.com/wp-json/oembed/1.0/embed572d.html]
[sharvaconsulting.com/wp-json/oembed/1.0/embed0d9a.html]
[sharvaconsulting.com/privacy-policy/feed/index.html]
[sharvaconsulting.com/wp-json/wp/v2/pages/3.html]
[sharvaconsulting.com/index2207.html]
[sharvaconsulting.com/wp-json/oembed/1.0/embed9303.html]
[sharvaconsulting.com/wp-json/oembed/1.0/embed56d5.html]
[sharvaconsulting.com/wp-content/plugins/h5p/h5p-php-library/fonts/inter/inter-v18-cyrillic_cyrillic-ext_greek_greek-ext_latin_latin-ext_vietnamese-regular.html]
[sharvaconsulting.com/wp-content/plugins/h5p/h5p-php-library/fonts/inter/inter-v18-cyrillic_cyrillic-ext_greek_greek-ext_latin_latin-ext_vietnamese-italic.html]
[sharvaconsulting.com/wp-content/plugins/h5p/h5p-php-library/fonts/inter/inter-v18-cyrillic_cyrillic-ext_greek_greek-ext_latin_latin-ext_vietnamese-600.html]
[sharvaconsulting.com/wp-content/plugins/h5p/h5p-php-library/fonts/inter/inter-v18-cyrillic_cyrillic-ext_greek_greek-ext_latin_latin-ext_vietnamese-600italic.html]
[sharvaconsulting.com/wp-content/plugins/h5p/h5p-php-library/fonts/inter/Inter-ExtraBold.html]
[sharvaconsulting.com/wp-content/plugins/h5p/h5p-php-library/fonts/inter/Inter-ExtraBoldItalic.html]
[sharvaconsulting.com/wp-content/plugins/h5p/h5p-php-library/fonts/open-sans/open-sans-v40-cyrillic_cyrillic-ext_greek_greek-ext_hebrew_latin_latin-ext_math_symbols_vietnamese-regular.a2.delay]
[sharvaconsulting.com/wp-content/plugins/h5p/h5p-php-library/fonts/open-sans/open-sans-v40-cyrillic_cyrillic-ext_greek_greek-ext_hebrew_latin_latin-ext_math_symbols_vietnamese-italic.a3.delaye]
[sharvaconsulting.com/wp-content/plugins/h5p/h5p-php-library/fonts/open-sans/open-sans-v40-cyrillic_cyrillic-ext_greek_greek-ext_hebrew_latin_latin-ext_math_symbols_vietnamese-600.html]
[sharvaconsulting.com/wp-content/plugins/h5p/h5p-php-library/fonts/open-sans/open-sans-v40-cyrillic_cyrillic-ext_greek_greek-ext_hebrew_latin_latin-ext_math_symbols_vietnamese-600italic.a5.del]
[sharvaconsulting.com/wp-content/plugins/h5p/h5p-php-library/fonts/open-sans/open-sans-v40-cyrillic_cyrillic-ext_greek_greek-ext_hebrew_latin_latin-ext_math_symbols_vietnamese-700.html]
[sharvaconsulting.com/wp-content/plugins/h5p/h5p-php-library/fonts/open-sans/open-sans-v40-cyrillic_cyrillic-ext_greek_greek-ext_hebrew_latin_latin-ext_math_symbols_vietnamese-700italic.a7.del]
[sharvaconsulting.com/wp-content/plugins/h5p/h5p-php-library/fonts/h5p-core-30.html]
[sharvaconsulting.com/wp-content/plugins/h5p/h5p-php-library/fonts/h5p-hub-publish.html]
[sharvaconsulting.com/wp-content/plugins/h5p/h5p-php-library/fonts/h5p-theme.html]
[sharvaconsulting.com/wp-content/plugins/h5p/h5p-php-library/images/throbber1576.html]
[sharvaconsulting.com/wp-content/themes/wplms/assets/images/icons/loader.html]
[sharvaconsulting.com/wp-content/themes/wplms/assets/images/icons/credit-cards/visa.html]
[sharvaconsulting.com/wp-content/themes/wplms/assets/images/icons/credit-cards/mastercard.html]
[sharvaconsulting.com/wp-content/themes/wplms/assets/images/icons/credit-cards/laser.html]
[sharvaconsulting.com/wp-content/themes/wplms/assets/images/icons/credit-cards/diners.html]
[sharvaconsulting.com/wp-content/themes/wplms/assets/images/icons/credit-cards/maestro.html]
[sharvaconsulting.com/wp-content/themes/wplms/assets/images/icons/credit-cards/jcb.html]
[sharvaconsulting.com/wp-content/themes/wplms/assets/images/icons/credit-cards/amex.html]
[sharvaconsulting.com/wp-content/themes/wplms/assets/images/icons/credit-cards/discover.html]
[sharvaconsulting.com/wp-content/themes/wplms/assets/fonts/fontawesome-webfont3e6e.html]
[sharvaconsulting.com/wp-content/themes/wplms/assets/fonts/fontawesome-webfontd41d.html]
[sharvaconsulting.com/wp-content/themes/wplms/assets/fonts/fontawesome-webfont3e6e-2.html]
[sharvaconsulting.com/wp-content/themes/wplms/assets/fonts/fontawesome-webfont3e6e-3.html]
[sharvaconsulting.com/wp-content/themes/wplms/assets/fonts/fontawesome-webfont3e6e-4.html]
[sharvaconsulting.com/wp-content/themes/wplms/assets/fonts/fontawesome-webfont3e6e-5.html]
[sharvaconsulting.com/wp-content/themes/wplms/assets/css/fonts/fonticon.html]
[sharvaconsulting.com/wp-content/themes/wplms/assets/css/fonts/fonticond41d.html]
[sharvaconsulting.com/wp-content/themes/wplms/assets/css/fonts/fonticon-2.html]
[sharvaconsulting.com/wp-content/themes/wplms/assets/css/fonts/fonticon-3.html]
[sharvaconsulting.com/wp-content/themes/wplms/assets/css/fonts/fonticon-4.html]
[sharvaconsulting.com/wp-content/themes/wplms/assets/fonts/bootstrap/glyphicons-halflings-regular.html]
[sharvaconsulting.com/wp-content/themes/wplms/assets/fonts/bootstrap/glyphicons-halflings-regulard41d.html]
[sharvaconsulting.com/wp-content/themes/wplms/assets/fonts/bootstrap/glyphicons-halflings-regular-2.html]
[sharvaconsulting.com/wp-content/themes/wplms/assets/fonts/bootstrap/glyphicons-halflings-regular-3.html]
[sharvaconsulting.com/wp-content/themes/wplms/assets/fonts/bootstrap/glyphicons-halflings-regular-4.html]
[sharvaconsulting.com/wp-content/themes/wplms/assets/fonts/bootstrap/glyphicons-halflings-regular-5.html]
[sharvaconsulting.com/wp-content/themes/wplms/assets/images/button.html]
[sharvaconsulting.com/wp-content/themes/wplms/assets/images/spinner.html]
[sharvaconsulting.com/wp-content/themes/wplms/assets/images/title_bg.html]
[sharvaconsulting.com/wp-includes/js/mediaelement/mejs-controls.html]
